arguments
0: /Applications/Godot_mono.app/Contents/MacOS/Godot
1: --path
2: /Users/alex/git/WacK
3: -d
Current path: /Users/alex/git/WacK
Godot Engine v3.4.4.stable.mono.official.419e713a2 - https://godotengine.org
OpenGL ES 3.0 Renderer: AMD Radeon RX 580 OpenGL Engine
OpenGL ES Batching: ON
 
Registered camera HD Pro Webcam C920 with id 1 position 0 at index 0
Mono: Log file is: '/Users/alex/Library/Application Support/Godot/mono/mono_logs/2022-07-10_00.37.49_7716.log'
Scanned songs:
NOMA - Brain Power (170 BPM): 4, 9.7, 11.8, -1
t+pazolite & Massive New Krew feat. リリィ(CV:青木志貴) - with U (155 BPM): 3, 7.9, 11.8, 13.6
Difficulty: Header resizing!
119: 143.0443 > 120 || 450.1516 > 600
Total: 19ms
Step: 0ms
118: 141.8766 > 120 || 448.9838 > 600
Total: 30ms
Step: 0ms
117: 140.7088 > 120 || 444.313 > 600
Total: 40ms
Step: 0ms
116: 138.9573 > 120 || 439.6422 > 600
Total: 49ms
Step: 0ms
115: 137.7896 > 120 || 435.5552 > 600
Total: 59ms
Step: 0ms
114: 137.2057 > 120 || 432.6359 > 600
Total: 69ms
Step: 0ms
113: 135.4542 > 120 || 428.549 > 600
Total: 78ms
Step: 0ms
112: 134.2865 > 120 || 423.8781 > 600
Total: 88ms
Step: 0ms
111: 133.7026 > 120 || 422.1266 > 600
Total: 98ms
Step: 0ms
110: 132.5349 > 120 || 417.4557 > 600
Total: 107ms
Step: 0ms
109: 131.3672 > 120 || 412.7849 > 600
Total: 117ms
Step: 0ms
108: 129.6156 > 120 || 408.6979 > 600
Total: 126ms
Step: 0ms
107: 129.0318 > 120 || 405.7787 > 600
Total: 136ms
Step: 0ms
106: 127.2802 > 120 || 402.2755 > 600
Total: 145ms
Step: 0ms
105: 126.1125 > 120 || 397.0208 > 600
Total: 155ms
Step: 0ms
104: 125.5286 > 120 || 395.8531 > 600
Total: 164ms
Step: 0ms
103: 123.7771 > 120 || 390.5984 > 600
Total: 173ms
Step: 0ms
102: 122.6094 > 120 || 386.5114 > 600
Total: 183ms
Step: 0ms
101: 120.8578 > 120 || 382.4245 > 600
Total: 193ms
Step: 0ms
100: 120.274 > 120 || 379.5052 > 600
Total: 202ms
Step: 0ms
99: 119.1062 > 120 || 375.4182 > 600
Total: 212ms
Step: 0ms
Difficulty: Header completed resizing after 212ms
Difficulty: Body resizing!
479: 574.5125 > 480 || 963.9432 > 600
Total: 75ms
Step: 3ms
478: 572.7609 > 480 || 961.6078 > 600
Total: 110ms
Step: 3ms
477: 571.5932 > 480 || 958.6885 > 600
Total: 146ms
Step: 3ms
476: 571.0093 > 480 || 958.1046 > 600
Total: 179ms
Step: 3ms
475: 569.2578 > 480 || 955.7693 > 600
Total: 211ms
Step: 3ms
474: 568.0901 > 480 || 952.85 > 600
Total: 243ms
Step: 3ms
473: 567.5062 > 480 || 952.2661 > 600
Total: 274ms
Step: 3ms
472: 566.3385 > 480 || 949.9307 > 600
Total: 305ms
Step: 3ms
471: 565.1708 > 480 || 946.4276 > 600
Total: 338ms
Step: 3ms
470: 563.4193 > 480 || 944.676 > 600
Total: 371ms
Step: 3ms
469: 562.8354 > 480 || 944.0922 > 600
Total: 404ms
Step: 3ms
468: 561.0839 > 480 || 940.5891 > 600
Total: 437ms
Step: 3ms
467: 559.9161 > 480 || 938.8375 > 600
Total: 470ms
Step: 3ms
466: 559.3323 > 480 || 938.2536 > 600
Total: 503ms
Step: 3ms
465: 557.5807 > 480 || 935.9182 > 600
Total: 536ms
Step: 3ms
464: 556.413 > 480 || 932.415 > 600
Total: 568ms
Step: 3ms
463: 555.8292 > 480 || 932.415 > 600
Total: 599ms
Step: 3ms
462: 554.0776 > 480 || 930.0797 > 600
Total: 630ms
Step: 3ms
461: 552.9099 > 480 || 926.5765 > 600
Total: 662ms
Step: 3ms
460: 551.1583 > 480 || 924.825 > 600
Total: 693ms
Step: 3ms
459: 550.5745 > 480 || 924.2411 > 600
Total: 723ms
Step: 3ms
458: 548.8229 > 480 || 920.738 > 600
Total: 754ms
Step: 3ms
457: 547.6552 > 480 || 918.4026 > 600
Total: 785ms
Step: 3ms
456: 547.6552 > 480 || 918.4026 > 600
Total: 816ms
Step: 3ms
455: 545.9036 > 480 || 914.8994 > 600
Total: 847ms
Step: 3ms
454: 544.7359 > 480 || 912.5641 > 600
Total: 877ms
Step: 3ms
453: 542.9844 > 480 || 910.8125 > 600
Total: 908ms
Step: 3ms
452: 542.4005 > 480 || 910.2286 > 600
Total: 939ms
Step: 3ms
451: 541.2328 > 480 || 906.7255 > 600
Total: 970ms
Step: 3ms
450: 539.4813 > 480 || 904.3901 > 600
Total: 1000ms
Step: 3ms
449: 538.8974 > 480 || 904.3901 > 600
Total: 1031ms
Step: 3ms
448: 537.1458 > 480 || 900.887 > 600
Total: 1062ms
Step: 3ms
447: 535.9781 > 480 || 898.5515 > 600
Total: 1093ms
Step: 3ms
446: 534.2266 > 480 || 896.8 > 600
Total: 1123ms
Step: 3ms
445: 533.6427 > 480 || 895.0484 > 600
Total: 1155ms
Step: 3ms
444: 532.475 > 480 || 892.713 > 600
Total: 1186ms
Step: 3ms
443: 530.7234 > 480 || 890.3776 > 600
Total: 1216ms
Step: 3ms
442: 530.1396 > 480 || 890.3776 > 600
Total: 1247ms
Step: 3ms
441: 528.9719 > 480 || 886.8745 > 600
Total: 1278ms
Step: 3ms
440: 527.8041 > 480 || 884.539 > 600
Total: 1309ms
Step: 3ms
439: 526.6365 > 480 || 882.7875 > 600
Total: 1340ms
Step: 3ms
438: 525.4688 > 480 || 881.0359 > 600
Total: 1379ms
Step: 3ms
437: 524.301 > 480 || 878.7005 > 600
Total: 1415ms
Step: 3ms
436: 522.5494 > 480 || 876.3651 > 600
Total: 1452ms
Step: 3ms
435: 521.9656 > 480 || 875.1974 > 600
Total: 1490ms
Step: 3ms
434: 520.7979 > 480 || 872.8619 > 600
Total: 1528ms
Step: 3ms
433: 519.0463 > 480 || 870.5265 > 600
Total: 1565ms
Step: 3ms
432: 517.8787 > 480 || 868.775 > 600
Total: 1603ms
Step: 3ms
431: 517.2948 > 480 || 867.0234 > 600
Total: 1641ms
Step: 3ms
430: 515.5432 > 480 || 864.688 > 600
Total: 1679ms
Step: 3ms
429: 514.3755 > 480 || 862.3526 > 600
Total: 1717ms
Step: 3ms
428: 513.2078 > 480 || 861.1849 > 600
Total: 1755ms
Step: 3ms
427: 512.0401 > 480 || 858.8495 > 600
Total: 1791ms
Step: 3ms
426: 510.2885 > 480 || 856.514 > 600
Total: 1827ms
Step: 3ms
425: 509.7047 > 480 || 854.7625 > 600
Total: 1863ms
Step: 3ms
424: 509.1208 > 480 || 853.0109 > 600
Total: 1899ms
Step: 3ms
423: 507.3692 > 480 || 850.6755 > 600
Total: 1935ms
Step: 3ms
422: 506.2015 > 480 || 848.3401 > 600
Total: 1972ms
Step: 3ms
421: 505.6177 > 480 || 847.1724 > 600
Total: 2007ms
Step: 3ms
420: 503.8661 > 480 || 844.8369 > 600
Total: 2044ms
Step: 3ms
419: 502.6984 > 480 || 842.5015 > 600
Total: 2081ms
Step: 3ms
418: 500.9469 > 480 || 840.75 > 600
Total: 2119ms
Step: 3ms
417: 500.363 > 480 || 838.9984 > 600
Total: 2155ms
Step: 3ms
416: 498.6115 > 480 || 836.663 > 600
Total: 2192ms
Step: 3ms
415: 497.4437 > 480 || 834.3276 > 600
Total: 2227ms
Step: 3ms
414: 496.8599 > 480 || 833.1599 > 600
Total: 2263ms
Step: 3ms
413: 495.1083 > 480 || 830.8245 > 600
Total: 2298ms
Step: 3ms
412: 493.9406 > 480 || 828.489 > 600
Total: 2333ms
Step: 3ms
411: 492.1891 > 480 || 826.7374 > 600
Total: 2363ms
Step: 3ms
410: 491.6052 > 480 || 824.986 > 600
Total: 2393ms
Step: 3ms
409: 491.0214 > 480 || 822.6505 > 600
Total: 2423ms
Step: 3ms
408: 489.2698 > 480 || 820.3151 > 600
Total: 2454ms
Step: 3ms
407: 488.6859 > 480 || 819.1473 > 600
Total: 2484ms
Step: 3ms
406: 486.9344 > 480 || 816.812 > 600
Total: 2515ms
Step: 3ms
405: 485.7667 > 480 || 814.4766 > 600
Total: 2545ms
Step: 3ms
404: 484.0151 > 480 || 812.725 > 600
Total: 2575ms
Step: 3ms
403: 483.4312 > 480 || 810.9734 > 600
Total: 2606ms
Step: 3ms
402: 482.2635 > 480 || 808.638 > 600
Total: 2636ms
Step: 3ms
401: 480.512 > 480 || 806.3026 > 600
Total: 2666ms
Step: 3ms
400: 479.9281 > 480 || 805.1349 > 600
Total: 2696ms
Step: 3ms
399: 478.7604 > 480 || 802.7994 > 600
Total: 2726ms
Step: 3ms
398: 477.0089 > 480 || 800.4641 > 600
Total: 2756ms
Step: 3ms
397: 475.8411 > 480 || 798.7125 > 600
Total: 2786ms
Step: 3ms
396: 474.6734 > 480 || 796.9609 > 600
Total: 2816ms
Step: 3ms
395: 473.5057 > 480 || 794.6255 > 600
Total: 2847ms
Step: 3ms
394: 471.7542 > 480 || 792.29 > 600
Total: 2877ms
Step: 3ms
393: 471.7542 > 480 || 791.1224 > 600
Total: 2907ms
Step: 3ms
392: 470.5864 > 480 || 788.787 > 600
Total: 2937ms
Step: 3ms
391: 468.8349 > 480 || 786.4515 > 600
Total: 2968ms
Step: 3ms
390: 467.6672 > 480 || 783.5322 > 600
Total: 2998ms
Step: 3ms
389: 467.0833 > 480 || 782.9484 > 600
Total: 3028ms
Step: 3ms
388: 465.3318 > 480 || 780.613 > 600
Total: 3057ms
Step: 3ms
387: 464.1641 > 480 || 777.1099 > 600
Total: 3088ms
Step: 3ms
386: 462.9963 > 480 || 777.1099 > 600
Total: 3117ms
Step: 3ms
385: 461.8286 > 480 || 774.7744 > 600
Total: 3148ms
Step: 3ms
384: 460.0771 > 480 || 772.4391 > 600
Total: 3178ms
Step: 3ms
383: 458.9094 > 480 || 769.5198 > 600
Total: 3208ms
Step: 3ms
382: 458.3255 > 480 || 768.9359 > 600
Total: 3238ms
Step: 3ms
381: 456.5739 > 480 || 766.6005 > 600
Total: 3268ms
Step: 3ms
380: 455.4063 > 480 || 763.0974 > 600
Total: 3298ms
Step: 3ms
379: 454.8224 > 480 || 763.0974 > 600
Total: 3329ms
Step: 3ms
378: 453.0708 > 480 || 760.762 > 600
Total: 3359ms
Step: 3ms
377: 452.487 > 480 || 757.2589 > 600
Total: 3389ms
Step: 3ms
376: 450.7354 > 480 || 755.5073 > 600
Total: 3419ms
Step: 3ms
375: 450.1516 > 480 || 754.9234 > 600
Total: 3449ms
Step: 2ms
374: 448.4 > 480 || 752.588 > 600
Total: 3478ms
Step: 3ms
373: 447.2323 > 480 || 749.0848 > 600
Total: 3509ms
Step: 3ms
372: 446.6484 > 480 || 749.0848 > 600
Total: 3538ms
Step: 3ms
371: 444.8969 > 480 || 746.7495 > 600
Total: 3568ms
Step: 3ms
370: 443.7292 > 480 || 743.2463 > 600
Total: 3598ms
Step: 3ms
369: 443.1453 > 480 || 742.6625 > 600
Total: 3628ms
Step: 3ms
368: 441.3937 > 480 || 740.9109 > 600
Total: 3658ms
Step: 3ms
367: 440.226 > 480 || 737.4078 > 600
Total: 3689ms
Step: 3ms
366: 438.4745 > 480 || 735.0724 > 600
Total: 3718ms
Step: 3ms
365: 437.8906 > 480 || 735.0724 > 600
Total: 3748ms
Step: 3ms
364: 436.1391 > 480 || 731.5692 > 600
Total: 3778ms
Step: 3ms
363: 434.9713 > 480 || 729.2338 > 600
Total: 3808ms
Step: 3ms
362: 434.3875 > 480 || 728.65 > 600
Total: 3837ms
Step: 3ms
361: 433.2198 > 480 || 726.8984 > 600
Total: 3867ms
Step: 3ms
360: 432.0521 > 480 || 723.3953 > 600
Total: 3897ms
Step: 3ms
359: 430.3005 > 480 || 721.0599 > 600
Total: 3926ms
Step: 3ms
358: 429.7166 > 480 || 721.0599 > 600
Total: 3956ms
Step: 3ms
357: 428.549 > 480 || 717.5568 > 600
Total: 3986ms
Step: 2ms
356: 426.7974 > 480 || 715.2213 > 600
Total: 4015ms
Step: 3ms
355: 426.2135 > 480 || 714.6375 > 600
Total: 4045ms
Step: 3ms
354: 424.462 > 480 || 711.7182 > 600
Total: 4075ms
Step: 3ms
353: 423.2943 > 480 || 709.3828 > 600
Total: 4105ms
Step: 3ms
352: 421.5427 > 480 || 707.0474 > 600
Total: 4135ms
Step: 3ms
351: 420.9588 > 480 || 707.0474 > 600
Total: 4164ms
Step: 3ms
350: 419.7911 > 480 || 703.5443 > 600
Total: 4194ms
Step: 3ms
349: 418.0396 > 480 || 701.2089 > 600
Total: 4223ms
Step: 3ms
348: 417.4557 > 480 || 700.625 > 600
Total: 4253ms
Step: 3ms
347: 416.288 > 480 || 697.7057 > 600
Total: 4282ms
Step: 3ms
346: 415.1203 > 480 || 695.3702 > 600
Total: 4314ms
Step: 3ms
345: 413.9526 > 480 || 693.0349 > 600
Total: 4344ms
Step: 3ms
344: 412.7849 > 480 || 691.8672 > 600
Total: 4373ms
Step: 3ms
343: 411.6172 > 480 || 689.5317 > 600
Total: 4404ms
Step: 3ms
342: 409.8656 > 480 || 687.1964 > 600
Total: 4433ms
Step: 2ms
341: 409.2818 > 480 || 685.4448 > 600
Total: 4462ms
Step: 3ms
340: 408.114 > 480 || 683.6932 > 600
Total: 4492ms
Step: 3ms
339: 406.3625 > 480 || 681.3578 > 600
Total: 4522ms
Step: 3ms
338: 405.1948 > 480 || 679.0223 > 600
Total: 4551ms
Step: 3ms
337: 404.6109 > 480 || 677.8546 > 600
Total: 4580ms
Step: 2ms
336: 402.8594 > 480 || 675.5193 > 600
Total: 4610ms
Step: 3ms
335: 401.6917 > 480 || 673.1838 > 600
Total: 4639ms
Step: 2ms
334: 400.524 > 480 || 671.4323 > 600
Total: 4669ms
Step: 3ms
333: 399.3562 > 480 || 669.6807 > 600
Total: 4699ms
Step: 2ms
332: 397.6047 > 480 || 667.3453 > 600
Total: 4728ms
Step: 2ms
331: 396.437 > 480 || 665.0099 > 600
Total: 4757ms
Step: 3ms
330: 396.437 > 480 || 663.8422 > 600
Total: 4787ms
Step: 2ms
329: 394.6854 > 480 || 661.5068 > 600
Total: 4816ms
Step: 3ms
328: 393.5177 > 480 || 659.1713 > 600
Total: 4845ms
Step: 2ms
327: 392.9338 > 480 || 657.4198 > 600
Total: 4874ms
Step: 2ms
326: 391.1823 > 480 || 655.6682 > 600
Total: 4903ms
Step: 2ms
325: 390.0146 > 480 || 653.3328 > 600
Total: 4932ms
Step: 2ms
324: 388.263 > 480 || 650.9974 > 600
Total: 4963ms
Step: 3ms
323: 387.6792 > 480 || 649.8297 > 600
Total: 4994ms
Step: 3ms
322: 385.9276 > 480 || 647.4943 > 600
Total: 5024ms
Step: 3ms
321: 384.7599 > 480 || 645.1588 > 600
Total: 5053ms
Step: 3ms
320: 384.176 > 480 || 643.4072 > 600
Total: 5082ms
Step: 3ms
319: 382.4244 > 480 || 641.6557 > 600
Total: 5111ms
Step: 3ms
318: 381.2568 > 480 || 639.3203 > 600
Total: 5140ms
Step: 2ms
317: 379.5052 > 480 || 636.9849 > 600
Total: 5170ms
Step: 3ms
316: 378.9214 > 480 || 635.8171 > 600
Total: 5198ms
Step: 2ms
315: 377.7536 > 480 || 633.4818 > 600
Total: 5227ms
Step: 3ms
314: 376.5859 > 480 || 631.1464 > 600
Total: 5257ms
Step: 3ms
313: 376.0021 > 480 || 629.9786 > 600
Total: 5286ms
Step: 3ms
312: 374.2505 > 480 || 627.6432 > 600
Total: 5315ms
Step: 3ms
311: 373.0828 > 480 || 625.3078 > 600
Total: 5344ms
Step: 3ms
310: 371.3312 > 480 || 623.5563 > 600
Total: 5373ms
Step: 2ms
309: 370.7474 > 480 || 621.8047 > 600
Total: 5402ms
Step: 3ms
308: 369.5797 > 480 || 619.4692 > 600
Total: 5432ms
Step: 3ms
307: 367.8281 > 480 || 617.1338 > 600
Total: 5460ms
Step: 2ms
306: 367.2443 > 480 || 615.9661 > 600
Total: 5489ms
Step: 2ms
305: 366.0766 > 480 || 613.6307 > 600
Total: 5517ms
Step: 3ms
304: 364.325 > 480 || 611.2953 > 600
Total: 5547ms
Step: 2ms
303: 363.1573 > 480 || 609.5437 > 600
Total: 5576ms
Step: 2ms
302: 361.9896 > 480 || 607.7922 > 600
Total: 5605ms
Step: 3ms
301: 360.8218 > 480 || 605.4568 > 600
Total: 5634ms
Step: 3ms
300: 359.0703 > 480 || 603.1213 > 600
Total: 5664ms
Step: 3ms
299: 358.4865 > 480 || 601.9536 > 600
Total: 5692ms
Step: 2ms
298: 357.9026 > 480 || 599.6182 > 600
Total: 5721ms
Step: 3ms
Difficulty: Body completed resizing after 5721ms
Difficulty: Header resizing!
18: 21.6026 > 19.2 || 70.0625 > 96
Total: 1ms
Step: 0ms
17: 20.43489 > 19.2 || 67.72708 > 96
Total: 1ms
Step: 0ms
16: 19.85104 > 19.2 || 63.05625 > 96
Total: 1ms
Step: 0ms
15: 18.09948 > 19.2 || 57.80156 > 96
Total: 2ms
Step: 0ms
Difficulty: Header completed resizing after 2ms
Difficulty: Body resizing!
75: 90.49739 > 76.8 || 44.37292 > 96
Total: 8ms
Step: 0ms
74: 88.74583 > 76.8 || 43.20521 > 96
Total: 10ms
Step: 0ms
73: 88.16198 > 76.8 || 43.20521 > 96
Total: 11ms
Step: 0ms
72: 86.99427 > 76.8 || 42.62135 > 96
Total: 13ms
Step: 0ms
71: 85.24271 > 76.8 || 41.45364 > 96
Total: 14ms
Step: 0ms
70: 84.075 > 76.8 || 40.86979 > 96
Total: 15ms
Step: 0ms
69: 82.90729 > 76.8 || 40.86979 > 96
Total: 16ms
Step: 0ms
68: 81.73958 > 76.8 || 39.70208 > 96
Total: 18ms
Step: 0ms
67: 79.98801 > 76.8 || 39.11823 > 96
Total: 19ms
Step: 0ms
66: 79.40417 > 76.8 || 39.11823 > 96
Total: 20ms
Step: 0ms
65: 78.23646 > 76.8 || 37.95052 > 96
Total: 21ms
Step: 0ms
64: 76.48489 > 76.8 || 37.36666 > 96
Total: 22ms
Step: 0ms
Difficulty: Body completed resizing after 22ms
